// Jest Snapshot v1, https://goo.gl/fbAQLP

exports[`ArticleListContainer tests renders article list with correct data 1`] = `
<div>
  <div
    class="sc-fsYfdN fGPEJW"
  >
    <h2
      class="sc-qZrbh dvdZjT"
    >
      Сегодня
    </h2>
    <ul
      class="sc-jsEeTM jidTqx"
    >
      <a
        href="/article/article-1"
      >
        <li
          class="sc-beySPh jOqDaV"
        >
          <div
            class="sc-guDLey dSXgup"
          >
            <img
              alt="Cartoon"
              class="sc-dmyCSP gctnZZ"
              src="https://i.simpalsmedia.com/point.md/news/900x900/thumbnail1.jpg"
            />
          </div>
          <div
            class="sc-hLQSwg ezfliH"
          >
            <h3
              class="sc-eDLKkx bCcaMp"
            >
              Article 1
            </h3>
            <p
              class="sc-jTQCzO gawhwJ"
            >
              Description 1
            </p>
            <p
              class="sc-iBdnpw giGobE"
            >
              <img
                alt="icon"
                class="sc-gLLuof gNHDaF"
                src="https://i.simpalsmedia.com/point.md/news/370x194/thumbnail1.jpg"
              />
              886 дней назад
            </p>
          </div>
        </li>
      </a>
      <a
        href="/article/article-2"
      >
        <li
          class="sc-beySPh jOqDaV"
        >
          <div
            class="sc-guDLey dSXgup"
          >
            <img
              alt="Cartoon"
              class="sc-dmyCSP gctnZZ"
              src="https://i.simpalsmedia.com/point.md/news/900x900/thumbnail2.jpg"
            />
          </div>
          <div
            class="sc-hLQSwg ezfliH"
          >
            <h3
              class="sc-eDLKkx bCcaMp"
            >
              Article 2
            </h3>
            <p
              class="sc-jTQCzO gawhwJ"
            >
              Description 2
            </p>
            <p
              class="sc-iBdnpw giGobE"
            >
              <img
                alt="icon"
                class="sc-gLLuof gNHDaF"
                src="https://i.simpalsmedia.com/point.md/news/370x194/thumbnail2.jpg"
              />
              886 дней назад
            </p>
          </div>
        </li>
      </a>
    </ul>
  </div>
</div>
`;
